Requirement already satisfied: fastapi>=0.110.0 in c:\users\yash sud\appdata\local\programs\python\python310\lib\site-packages (from -r requirements.txt (line 1)) (0.139.2)
Requirement already satisfied: uvicorn>=0.28.0 in c:\users\yash sud\appdata\local\programs\python\python310\lib\site-packages (from -r requirements.txt (line 2)) (0.51.0)
Collecting chromadb>=0.4.24
  Downloading chromadb-1.5.9-cp39-abi3-win_amd64.whl (23.5 MB)
     ---------------------------------------- 23.5/23.5 MB 6.6 MB/s eta 0:00:00
Collecting sentence-transformers>=2.5.0
  Downloading sentence_transformers-5.6.1-py3-none-any.whl (596 kB)
     -------------------------------------- 596.7/596.7 kB 7.5 MB/s eta 0:00:00
Requirement already satisfied: pytest>=8.0.0 in c:\users\yash sud\appdata\local\programs\python\python310\lib\site-packages (from -r requirements.txt (line 5)) (9.0.2)
Requirement already satisfied: httpx>=0.27.0 in c:\users\yash sud\appdata\local\programs\python\python310\lib\site-packages (from -r requirements.txt (line 6)) (0.28.1)
Requirement already satisfied: typing-extensions>=4.8.0 in c:\users\yash sud\appdata\local\programs\python\python310\lib\site-packages (from fastapi>=0.110.0->-r requirements.txt (line 1)) (4.14.1)
Requirement already satisfied: annotated-doc>=0.0.2 in c:\users\yash sud\appdata\local\programs\python\python310\lib\site-packages (from fastapi>=0.110.0->-r requirements.txt (line 1)) (0.0.4)
Requirement already satisfied: pydantic>=2.9.0 in c:\users\yash sud\appdata\local\programs\python\python310\lib\site-packages (from fastapi>=0.110.0->-r requirements.txt (line 1)) (2.11.7)
Requirement already satisfied: typing-inspection>=0.4.2 in c:\users\yash sud\appdata\local\programs\python\python310\lib\site-packages (from fastapi>=0.110.0->-r requirements.txt (line 1)) (0.4.2)
Requirement already satisfied: starlette>=0.46.0 in c:\users\yash sud\appdata\local\programs\python\python310\lib\site-packages (from fastapi>=0.110.0->-r requirements.txt (line 1)) (1.3.1)
Requirement already satisfied: click>=7.0 in c:\users\yash sud\appdata\local\programs\python\python310\lib\site-packages (from uvicorn>=0.28.0->-r requirements.txt (line 2)) (8.3.1)
Requirement already satisfied: h11>=0.8 in c:\users\yash sud\appdata\local\programs\python\python310\lib\site-packages (from uvicorn>=0.28.0->-r requirements.txt (line 2)) (0.16.0)
Collecting opentelemetry-sdk>=1.2.0
  Downloading opentelemetry_sdk-1.44.0-py3-none-any.whl (137 kB)
     -------------------------------------- 137.2/137.2 kB 4.1 MB/s eta 0:00:00
Collecting pypika>=0.48.9
  Downloading pypika-0.51.1-py2.py3-none-any.whl (60 kB)
     ---------------------------------------- 60.6/60.6 kB 3.4 MB/s eta 0:00:00
Requirement already satisfied: orjson>=3.9.12 in c:\users\yash sud\appdata\local\programs\python\python310\lib\site-packages (from chromadb>=0.4.24->-r requirements.txt (line 3)) (3.11.7)
Requirement already satisfied: jsonschema>=4.19.0 in c:\users\yash sud\appdata\local\programs\python\python310\lib\site-packages (from chromadb>=0.4.24->-r requirements.txt (line 3)) (4.26.0)
Collecting rich>=10.11.0
  Downloading rich-15.0.0-py3-none-any.whl (310 kB)
     -------------------------------------- 310.7/310.7 kB 4.8 MB/s eta 0:00:00
Collecting pyyaml>=6.0.0
  Downloading pyyaml-6.0.3-cp310-cp310-win_amd64.whl (158 kB)
     -------------------------------------- 158.6/158.6 kB 4.8 MB/s eta 0:00:00
Collecting opentelemetry-api>=1.2.0
  Downloading opentelemetry_api-1.44.0-py3-none-any.whl (60 kB)
     ---------------------------------------- 60.0/60.0 kB 3.3 MB/s eta 0:00:00
Collecting overrides>=7.3.1
  Downloading overrides-7.7.0-py3-none-any.whl (17 kB)
Collecting typer>=0.9.0
  Downloading typer-0.27.0-py3-none-any.whl (122 kB)
     -------------------------------------- 122.7/122.7 kB 7.0 MB/s eta 0:00:00
Collecting opentelemetry-exporter-otlp-proto-grpc>=1.2.0
  Downloading opentelemetry_exporter_otlp_proto_grpc-1.44.0-py3-none-any.whl (19 kB)
Collecting importlib-resources
  Downloading importlib_resources-7.1.0-py3-none-any.whl (37 kB)
Collecting onnxruntime>=1.14.1
  Downloading onnxruntime-1.23.2-cp310-cp310-win_amd64.whl (13.5 MB)
     ---------------------------------------- 13.5/13.5 MB 6.6 MB/s eta 0:00:00
Collecting tokenizers>=0.13.2
  Downloading tokenizers-0.23.1-cp310-abi3-win_amd64.whl (2.8 MB)
     ---------------------------------------- 2.8/2.8 MB 7.1 MB/s eta 0:00:00
Requirement already satisfied: tenacity>=8.2.3 in c:\users\yash sud\appdata\local\programs\python\python310\lib\site-packages (from chromadb>=0.4.24->-r requirements.txt (line 3)) (9.1.4)
Requirement already satisfied: tqdm>=4.65.0 in c:\users\yash sud\appdata\local\programs\python\python310\lib\site-packages (from chromadb>=0.4.24->-r requirements.txt (line 3)) (4.67.1)
Collecting pydantic-settings>=2.0
  Downloading pydantic_settings-2.14.2-py3-none-any.whl (61 kB)
     ---------------------------------------- 61.7/61.7 kB 3.4 MB/s eta 0:00:00
Collecting kubernetes>=28.1.0
  Downloading kubernetes-36.0.3-py2.py3-none-any.whl (4.6 MB)
     ---------------------------------------- 4.6/4.6 MB 6.0 MB/s eta 0:00:00
Collecting pybase64>=1.4.1
  Downloading pybase64-1.4.3-cp310-cp310-win_amd64.whl (35 kB)
Collecting build>=1.0.3
  Downloading build-1.5.0-py3-none-any.whl (26 kB)
Requirement already satisfied: numpy>=1.22.5 in c:\users\yash sud\appdata\local\programs\python\python310\lib\site-packages (from chromadb>=0.4.24->-r requirements.txt (line 3)) (1.26.4)
Collecting bcrypt>=4.0.1
  Downloading bcrypt-5.0.0-cp39-abi3-win_amd64.whl (150 kB)
     -------------------------------------- 150.9/150.9 kB 4.5 MB/s eta 0:00:00
Collecting mmh3>=4.0.1
  Downloading mmh3-5.2.1-cp310-cp310-win_amd64.whl (41 kB)
     ---------------------------------------- 41.5/41.5 kB ? eta 0:00:00
Collecting grpcio>=1.58.0
  Downloading grpcio-1.83.0-cp310-cp310-win_amd64.whl (5.2 MB)
     ---------------------------------------- 5.2/5.2 MB 6.7 MB/s eta 0:00:00
Collecting huggingface-hub>=0.23.0
  Downloading huggingface_hub-1.25.1-py3-none-any.whl (774 kB)
     -------------------------------------- 774.9/774.9 kB 6.1 MB/s eta 0:00:00
Collecting torch>=1.11.0
  Downloading torch-2.13.0-cp310-cp310-win_amd64.whl (122.0 MB)
     -------------------------------------- 122.0/122.0 MB 5.5 MB/s eta 0:00:00
Requirement already satisfied: scipy>=1.0.0 in c:\users\yash sud\appdata\local\programs\python\python310\lib\site-packages (from sentence-transformers>=2.5.0->-r requirements.txt (line 4)) (1.15.3)
Requirement already satisfied: scikit-learn>=0.22.0 in c:\users\yash sud\appdata\local\programs\python\python310\lib\site-packages (from sentence-transformers>=2.5.0->-r requirements.txt (line 4)) (1.4.2)
Collecting transformers<6.0.0,>=4.41.0
  Downloading transformers-5.14.1-py3-none-any.whl (11.6 MB)
     ---------------------------------------- 11.6/11.6 MB 6.7 MB/s eta 0:00:00
Requirement already satisfied: colorama>=0.4 in c:\users\yash sud\appdata\local\programs\python\python310\lib\site-packages (from pytest>=8.0.0->-r requirements.txt (line 5)) (0.4.6)
Requirement already satisfied: pygments>=2.7.2 in c:\users\yash sud\appdata\local\programs\python\python310\lib\site-packages (from pytest>=8.0.0->-r requirements.txt (line 5)) (2.19.2)
Requirement already satisfied: exceptiongroup>=1 in c:\users\yash sud\appdata\local\programs\python\python310\lib\site-packages (from pytest>=8.0.0->-r requirements.txt (line 5)) (1.3.0)
Requirement already satisfied: pluggy<2,>=1.5 in c:\users\yash sud\appdata\local\programs\python\python310\lib\site-packages (from pytest>=8.0.0->-r requirements.txt (line 5)) (1.6.0)
Requirement already satisfied: iniconfig>=1.0.1 in c:\users\yash sud\appdata\local\programs\python\python310\lib\site-packages (from pytest>=8.0.0->-r requirements.txt (line 5)) (2.3.0)
Requirement already satisfied: tomli>=1 in c:\users\yash sud\appdata\local\programs\python\python310\lib\site-packages (from pytest>=8.0.0->-r requirements.txt (line 5)) (2.4.0)
Requirement already satisfied: packaging>=22 in c:\users\yash sud\appdata\local\programs\python\python310\lib\site-packages (from pytest>=8.0.0->-r requirements.txt (line 5)) (26.0)
Requirement already satisfied: certifi in c:\users\yash sud\appdata\local\programs\python\python310\lib\site-packages (from httpx>=0.27.0->-r requirements.txt (line 6)) (2025.8.3)
Requirement already satisfied: anyio in c:\users\yash sud\appdata\local\programs\python\python310\lib\site-packages (from httpx>=0.27.0->-r requirements.txt (line 6)) (4.10.0)
Requirement already satisfied: httpcore==1.* in c:\users\yash sud\appdata\local\programs\python\python310\lib\site-packages (from httpx>=0.27.0->-r requirements.txt (line 6)) (1.0.9)
Requirement already satisfied: idna in c:\users\yash sud\appdata\local\programs\python\python310\lib\site-packages (from httpx>=0.27.0->-r requirements.txt (line 6)) (3.10)
Collecting pyproject_hooks
  Downloading pyproject_hooks-1.2.0-py3-none-any.whl (10 kB)
Collecting click>=7.0
  Using cached click-8.4.2-py3-none-any.whl (119 kB)
Collecting fsspec>=2023.5.0
  Downloading fsspec-2026.7.0-py3-none-any.whl (206 kB)
     -------------------------------------- 206.6/206.6 kB 6.1 MB/s eta 0:00:00
Requirement already satisfied: filelock>=3.10.0 in c:\users\yash sud\appdata\local\programs\python\python310\lib\site-packages (from huggingface-hub>=0.23.0->sentence-transformers>=2.5.0->-r requirements.txt (line 4)) (3.32.0)
Collecting hf-xet<2.0.0,>=1.5.1
  Downloading hf_xet-1.5.2-cp38-abi3-win_amd64.whl (4.0 MB)
     ---------------------------------------- 4.0/4.0 MB 6.9 MB/s eta 0:00:00
Requirement already satisfied: referencing>=0.28.4 in c:\users\yash sud\appdata\local\programs\python\python310\lib\site-packages (from jsonschema>=4.19.0->chromadb>=0.4.24->-r requirements.txt (line 3)) (0.37.0)
Requirement already satisfied: jsonschema-specifications>=2023.03.6 in c:\users\yash sud\appdata\local\programs\python\python310\lib\site-packages (from jsonschema>=4.19.0->chromadb>=0.4.24->-r requirements.txt (line 3)) (2025.9.1)
Requirement already satisfied: attrs>=22.2.0 in c:\users\yash sud\appdata\local\programs\python\python310\lib\site-packages (from jsonschema>=4.19.0->chromadb>=0.4.24->-r requirements.txt (line 3)) (25.4.0)
Requirement already satisfied: rpds-py>=0.25.0 in c:\users\yash sud\appdata\local\programs\python\python310\lib\site-packages (from jsonschema>=4.19.0->chromadb>=0.4.24->-r requirements.txt (line 3)) (0.30.0)
Collecting aiohttp<4.0.0,>=3.13.5
  Downloading aiohttp-3.14.3-cp310-cp310-win_amd64.whl (480 kB)
     -------------------------------------- 480.5/480.5 kB 3.8 MB/s eta 0:00:00
Requirement already satisfied: urllib3!=2.6.0,>=1.24.2 in c:\users\yash sud\appdata\local\programs\python\python310\lib\site-packages (from kubernetes>=28.1.0->chromadb>=0.4.24->-r requirements.txt (line 3)) (2.6.3)
Collecting requests-oauthlib
  Downloading requests_oauthlib-2.0.0-py2.py3-none-any.whl (24 kB)
Requirement already satisfied: requests in c:\users\yash sud\appdata\local\programs\python\python310\lib\site-packages (from kubernetes>=28.1.0->chromadb>=0.4.24->-r requirements.txt (line 3)) (2.32.5)
Requirement already satisfied: six>=1.9.0 in c:\users\yash sud\appdata\local\programs\python\python310\lib\site-packages (from kubernetes>=28.1.0->chromadb>=0.4.24->-r requirements.txt (line 3)) (1.17.0)
Collecting websocket-client!=0.40.0,!=0.41.*,!=0.42.*,>=0.32.0
  Downloading websocket_client-1.9.0-py3-none-any.whl (82 kB)
     ---------------------------------------- 82.6/82.6 kB ? eta 0:00:00
Collecting durationpy>=0.7
  Downloading durationpy-0.10-py3-none-any.whl (3.9 kB)
Requirement already satisfied: python-dateutil>=2.5.3 in c:\users\yash sud\appdata\local\programs\python\python310\lib\site-packages (from kubernetes>=28.1.0->chromadb>=0.4.24->-r requirements.txt (line 3)) (2.9.0.post0)
Requirement already satisfied: protobuf in c:\users\yash sud\appdata\local\programs\python\python310\lib\site-packages (from onnxruntime>=1.14.1->chromadb>=0.4.24->-r requirements.txt (line 3)) (7.35.1)
Collecting coloredlogs
  Downloading coloredlogs-15.0.1-py2.py3-none-any.whl (46 kB)
     ---------------------------------------- 46.0/46.0 kB ? eta 0:00:00
Requirement already satisfied: flatbuffers in c:\users\yash sud\appdata\local\programs\python\python310\lib\site-packages (from onnxruntime>=1.14.1->chromadb>=0.4.24->-r requirements.txt (line 3)) (25.12.19)
Collecting sympy
  Downloading sympy-1.14.0-py3-none-any.whl (6.3 MB)
     ---------------------------------------- 6.3/6.3 MB 6.7 MB/s eta 0:00:00
Collecting googleapis-common-protos~=1.57
  Downloading googleapis_common_protos-1.75.0-py3-none-any.whl (300 kB)
     -------------------------------------- 300.6/300.6 kB 6.2 MB/s eta 0:00:00
Collecting opentelemetry-exporter-otlp-proto-common==1.44.0
  Downloading opentelemetry_exporter_otlp_proto_common-1.44.0-py3-none-any.whl (17 kB)
Collecting opentelemetry-proto==1.44.0
  Downloading opentelemetry_proto-1.44.0-py3-none-any.whl (72 kB)
     ---------------------------------------- 72.5/72.5 kB 4.1 MB/s eta 0:00:00
Collecting opentelemetry-semantic-conventions==0.65b0
  Downloading opentelemetry_semantic_conventions-0.65b0-py3-none-any.whl (204 kB)
     -------------------------------------- 204.6/204.6 kB 6.3 MB/s eta 0:00:00
Requirement already satisfied: annotated-types>=0.6.0 in c:\users\yash sud\appdata\local\programs\python\python310\lib\site-packages (from pydantic>=2.9.0->fastapi>=0.110.0->-r requirements.txt (line 1)) (0.7.0)
Requirement already satisfied: pydantic-core==2.33.2 in c:\users\yash sud\appdata\local\programs\python\python310\lib\site-packages (from pydantic>=2.9.0->fastapi>=0.110.0->-r requirements.txt (line 1)) (2.33.2)
Collecting python-dotenv>=0.21.0
  Downloading python_dotenv-1.2.2-py3-none-any.whl (22 kB)
Collecting markdown-it-py>=2.2.0
  Downloading markdown_it_py-4.2.0-py3-none-any.whl (91 kB)
     ---------------------------------------- 91.7/91.7 kB 5.1 MB/s eta 0:00:00
Requirement already satisfied: threadpoolctl>=2.0.0 in c:\users\yash sud\appdata\local\programs\python\python310\lib\site-packages (from scikit-learn>=0.22.0->sentence-transformers>=2.5.0->-r requirements.txt (line 4)) (3.6.0)
Requirement already satisfied: joblib>=1.2.0 in c:\users\yash sud\appdata\local\programs\python\python310\lib\site-packages (from scikit-learn>=0.22.0->sentence-transformers>=2.5.0->-r requirements.txt (line 4)) (1.3.2)
Requirement already satisfied: sniffio>=1.1 in c:\users\yash sud\appdata\local\programs\python\python310\lib\site-packages (from anyio->httpx>=0.27.0->-r requirements.txt (line 6)) (1.3.1)
Collecting setuptools>=77.0.3
  Downloading setuptools-83.0.0-py3-none-any.whl (1.0 MB)
     ---------------------------------------- 1.0/1.0 MB 6.4 MB/s eta 0:00:00
Collecting networkx>=2.5.1
  Downloading networkx-3.4.2-py3-none-any.whl (1.7 MB)
     ---------------------------------------- 1.7/1.7 MB 6.4 MB/s eta 0:00:00
Requirement already satisfied: jinja2 in c:\users\yash sud\appdata\local\programs\python\python310\lib\site-packages (from torch>=1.11.0->sentence-transformers>=2.5.0->-r requirements.txt (line 4)) (3.1.6)
Collecting safetensors>=0.8.0
  Downloading safetensors-0.8.0-cp310-abi3-win_amd64.whl (355 kB)
     -------------------------------------- 355.5/355.5 kB 7.3 MB/s eta 0:00:00
Collecting regex>=2025.10.22
  Downloading regex-2026.7.19-cp310-cp310-win_amd64.whl (277 kB)
     -------------------------------------- 278.0/278.0 kB 5.7 MB/s eta 0:00:00
Collecting tokenizers>=0.13.2
  Downloading tokenizers-0.22.2-cp39-abi3-win_amd64.whl (2.7 MB)
     ---------------------------------------- 2.7/2.7 MB 7.0 MB/s eta 0:00:00
Collecting shellingham>=1.3.0
  Downloading shellingham-1.5.4-py2.py3-none-any.whl (9.8 kB)
Collecting watchfiles>=0.20
  Downloading watchfiles-1.2.0-cp310-cp310-win_amd64.whl (290 kB)
     -------------------------------------- 290.1/290.1 kB 6.0 MB/s eta 0:00:00
Requirement already satisfied: httptools>=0.8.0 in c:\users\yash sud\appdata\local\programs\python\python310\lib\site-packages (from uvicorn>=0.28.0->-r requirements.txt (line 2)) (0.8.0)
Requirement already satisfied: websockets>=13.0 in c:\users\yash sud\appdata\local\programs\python\python310\lib\site-packages (from uvicorn>=0.28.0->-r requirements.txt (line 2)) (16.1.1)
Collecting yarl<2.0,>=1.17.0
  Downloading yarl-1.24.5-cp310-cp310-win_amd64.whl (97 kB)
     ---------------------------------------- 97.5/97.5 kB 5.5 MB/s eta 0:00:00
Collecting aiohappyeyeballs>=2.5.0
  Downloading aiohappyeyeballs-2.7.1-py3-none-any.whl (15 kB)
Collecting frozenlist>=1.1.1
  Downloading frozenlist-1.8.0-cp310-cp310-win_amd64.whl (43 kB)
     ---------------------------------------- 43.8/43.8 kB ? eta 0:00:00
Collecting propcache>=0.2.0
  Downloading propcache-0.5.2-cp310-cp310-win_amd64.whl (42 kB)
     ---------------------------------------- 42.2/42.2 kB ? eta 0:00:00
Collecting aiosignal>=1.4.0
  Downloading aiosignal-1.4.0-py3-none-any.whl (7.5 kB)
Collecting multidict<7.0,>=4.5
  Downloading multidict-6.7.1-cp310-cp310-win_amd64.whl (46 kB)
     ---------------------------------------- 46.0/46.0 kB 2.2 MB/s eta 0:00:00
Collecting async-timeout<6.0,>=4.0
  Downloading async_timeout-5.0.1-py3-none-any.whl (6.2 kB)
Collecting mdurl~=0.1
  Downloading mdurl-0.1.2-py3-none-any.whl (10.0 kB)
Collecting mpmath<1.4,>=1.1.0
  Downloading mpmath-1.3.0-py3-none-any.whl (536 kB)
     -------------------------------------- 536.2/536.2 kB 5.6 MB/s eta 0:00:00
Collecting humanfriendly>=9.1
  Downloading humanfriendly-10.0-py2.py3-none-any.whl (86 kB)
     ---------------------------------------- 86.8/86.8 kB 4.8 MB/s eta 0:00:00
Requirement already satisfied: MarkupSafe>=2.0 in c:\users\yash sud\appdata\local\programs\python\python310\lib\site-packages (from jinja2->torch>=1.11.0->sentence-transformers>=2.5.0->-r requirements.txt (line 4)) (3.0.3)
Requirement already satisfied: charset_normalizer<4,>=2 in c:\users\yash sud\appdata\local\programs\python\python310\lib\site-packages (from requests->kubernetes>=28.1.0->chromadb>=0.4.24->-r requirements.txt (line 3)) (3.4.4)
Collecting oauthlib>=3.0.0
  Downloading oauthlib-3.3.1-py3-none-any.whl (160 kB)
     -------------------------------------- 160.1/160.1 kB 4.8 MB/s eta 0:00:00
Collecting pyreadline3
  Downloading pyreadline3-3.5.6-py3-none-any.whl (85 kB)
     ---------------------------------------- 85.2/85.2 kB 4.7 MB/s eta 0:00:00
Installing collected packages: mpmath, durationpy, websocket-client, sympy, shellingham, setuptools, safetensors, regex, pyyaml, python-dotenv, pyreadline3, pyproject_hooks, pypika, pybase64, propcache, overrides, opentelemetry-proto, opentelemetry-api, oauthlib, networkx, multidict, mmh3, mdurl, importlib-resources, hf-xet, grpcio, googleapis-common-protos, fsspec, frozenlist, click, bcrypt, async-timeout, aiohappyeyeballs, yarl, torch, requests-oauthlib, opentelemetry-semantic-conventions, opentelemetry-exporter-otlp-proto-common, markdown-it-py, humanfriendly, build, aiosignal, watchfiles, rich, pydantic-settings, opentelemetry-sdk, coloredlogs, aiohttp, typer, opentelemetry-exporter-otlp-proto-grpc, onnxruntime, kubernetes, huggingface-hub, tokenizers, transformers, chromadb, sentence-transformers
  Attempting uninstall: setuptools
    Found existing installation: setuptools 63.2.0
    Uninstalling setuptools-63.2.0:
      Successfully uninstalled setuptools-63.2.0
  Attempting uninstall: click
    Found existing installation: click 8.3.1
    Uninstalling click-8.3.1:
      Successfully uninstalled click-8.3.1
Successfully installed aiohappyeyeballs-2.7.1 aiohttp-3.14.3 aiosignal-1.4.0 async-timeout-5.0.1 bcrypt-5.0.0 build-1.5.0 chromadb-1.5.9 click-8.4.2 coloredlogs-15.0.1 durationpy-0.10 frozenlist-1.8.0 fsspec-2026.7.0 googleapis-common-protos-1.75.0 grpcio-1.83.0 hf-xet-1.5.2 huggingface-hub-1.25.1 humanfriendly-10.0 importlib-resources-7.1.0 kubernetes-36.0.3 markdown-it-py-4.2.0 mdurl-0.1.2 mmh3-5.2.1 mpmath-1.3.0 multidict-6.7.1 networkx-3.4.2 oauthlib-3.3.1 onnxruntime-1.23.2 opentelemetry-api-1.44.0 opentelemetry-exporter-otlp-proto-common-1.44.0 opentelemetry-exporter-otlp-proto-grpc-1.44.0 opentelemetry-proto-1.44.0 opentelemetry-sdk-1.44.0 opentelemetry-semantic-conventions-0.65b0 overrides-7.7.0 propcache-0.5.2 pybase64-1.4.3 pydantic-settings-2.14.2 pypika-0.51.1 pyproject_hooks-1.2.0 pyreadline3-3.5.6 python-dotenv-1.2.2 pyyaml-6.0.3 regex-2026.7.19 requests-oauthlib-2.0.0 rich-15.0.0 safetensors-0.8.0 sentence-transformers-5.6.1 setuptools-83.0.0 shellingham-1.5.4 sympy-1.14.0 tokenizers-0.22.2 torch-2.13.0 transformers-5.14.1 typer-0.27.0 watchfiles-1.2.0 websocket-client-1.9.0 yarl-1.24.5

[notice] A new release of pip available: 22.2.2 -> 26.1.2
[notice] To update, run: python.exe -m pip install --upgrade pip
